// Vitest Snapshot v1, https://vitest.dev/guide/snapshot.html

exports[`ConversationsList > should match snapshot 1`] = `
<div>
  <div
    class="group/sidebar-wrapper has-data-[variant=inset]:bg-sidebar flex min-h-svh w-full"
    data-slot="sidebar-wrapper"
    style="--sidebar-width: 16rem; --sidebar-width-icon: 3rem;"
  >
    <li
      class="group/menu-item relative"
      data-sidebar="menu-item"
      data-slot="sidebar-menu-item"
    >
      <button
        class="peer/menu-button flex w-full items-center gap-2 overflow-hidden rounded-md p-2 text-left outline-hidden ring-sidebar-ring transition-[width,height,padding] focus-visible:ring-2 active:bg-sidebar-accent active:text-sidebar-accent-foreground disabled:pointer-events-none disabled:opacity-50 group-has-data-[sidebar=menu-action]/menu-item:pr-8 aria-disabled:pointer-events-none aria-disabled:opacity-50 data-[active=true]:bg-sidebar-accent data-[active=true]:font-medium data-[active=true]:text-sidebar-accent-foreground data-[state=open]:hover:bg-sidebar-accent data-[state=open]:hover:text-sidebar-accent-foreground group-data-[collapsible=icon]:size-8! group-data-[collapsible=icon]:p-2! [&>span:last-child]:truncate [&>svg]:size-4 [&>svg]:shrink-0 hover:bg-sidebar-accent hover:text-sidebar-accent-foreground h-8 text-sm"
        data-active="false"
        data-sidebar="menu-button"
        data-size="default"
        data-slot="sidebar-menu-button"
      >
        <a
          href="/conversations/thread-1"
        >
          2025-04-14 14:40:09
        </a>
      </button>
    </li>
    <li
      class="group/menu-item relative"
      data-sidebar="menu-item"
      data-slot="sidebar-menu-item"
    >
      <button
        class="peer/menu-button flex w-full items-center gap-2 overflow-hidden rounded-md p-2 text-left outline-hidden ring-sidebar-ring transition-[width,height,padding] focus-visible:ring-2 active:bg-sidebar-accent active:text-sidebar-accent-foreground disabled:pointer-events-none disabled:opacity-50 group-has-data-[sidebar=menu-action]/menu-item:pr-8 aria-disabled:pointer-events-none aria-disabled:opacity-50 data-[active=true]:bg-sidebar-accent data-[active=true]:font-medium data-[active=true]:text-sidebar-accent-foreground data-[state=open]:hover:bg-sidebar-accent data-[state=open]:hover:text-sidebar-accent-foreground group-data-[collapsible=icon]:size-8! group-data-[collapsible=icon]:p-2! [&>span:last-child]:truncate [&>svg]:size-4 [&>svg]:shrink-0 hover:bg-sidebar-accent hover:text-sidebar-accent-foreground h-8 text-sm"
        data-active="false"
        data-sidebar="menu-button"
        data-size="default"
        data-slot="sidebar-menu-button"
      >
        <a
          href="/conversations/thread-2"
        >
          2025-04-14 13:35:09
        </a>
      </button>
    </li>
  </div>
</div>
`;
