// Vitest Snapshot v1, https://vitest.dev/guide/snapshot.html

exports[`AppSidebar > renders correctly 1`] = `
<div>
  <div
    class="group/sidebar-wrapper has-data-[variant=inset]:bg-sidebar flex min-h-svh w-full"
    data-slot="sidebar-wrapper"
    style="--sidebar-width: 16rem; --sidebar-width-icon: 3rem;"
  >
    <div
      class="group peer text-sidebar-foreground hidden md:block"
      data-collapsible=""
      data-side="left"
      data-slot="sidebar"
      data-state="expanded"
      data-variant="sidebar"
    >
      <div
        class="relative w-(--sidebar-width) bg-transparent transition-[width] duration-200 ease-linear group-data-[collapsible=offcanvas]:w-0 group-data-[side=right]:rotate-180 group-data-[collapsible=icon]:w-(--sidebar-width-icon)"
        data-slot="sidebar-gap"
      />
      <div
        class="fixed inset-y-0 z-10 hidden h-svh w-(--sidebar-width) transition-[left,right,width] duration-200 ease-linear md:flex left-0 group-data-[collapsible=offcanvas]:left-[calc(var(--sidebar-width)*-1)] group-data-[collapsible=icon]:w-(--sidebar-width-icon) group-data-[side=left]:border-r group-data-[side=right]:border-l"
        data-slot="sidebar-container"
      >
        <div
          class="bg-sidebar group-data-[variant=floating]:border-sidebar-border flex h-full w-full flex-col group-data-[variant=floating]:rounded-lg group-data-[variant=floating]:border group-data-[variant=floating]:shadow-sm"
          data-sidebar="sidebar"
          data-slot="sidebar-inner"
        >
          <div
            class="flex flex-col gap-2 p-4"
            data-sidebar="header"
            data-slot="sidebar-header"
          >
            <a
              class="font-xl font-semibold"
              href="/"
            >
              Agent Workshop
            </a>
          </div>
          <div
            class="flex min-h-0 flex-1 flex-col gap-2 overflow-auto group-data-[collapsible=icon]:overflow-hidden"
            data-sidebar="content"
            data-slot="sidebar-content"
          >
            <div
              class="relative flex w-full min-w-0 flex-col p-2"
              data-sidebar="group"
              data-slot="sidebar-group"
            >
              <div
                class="w-full text-sm"
                data-sidebar="group-content"
                data-slot="sidebar-group-content"
              >
                <ul
                  class="flex w-full min-w-0 flex-col gap-1"
                  data-sidebar="menu"
                  data-slot="sidebar-menu"
                >
                  <a
                    class="justify-center whitespace-nowrap font-medium [&_svg]:pointer-events-none [&_svg:not([class*='size-'])]:size-4 shrink-0 [&_svg]:shrink-0 focus-visible:border-ring focus-visible:ring-ring/50 aria-invalid:ring-destructive/20 dark:aria-invalid:ring-destructive/40 aria-invalid:border-destructive border bg-background shadow-xs dark:bg-input/30 dark:border-input dark:hover:bg-input/50 has-[>svg]:px-3 peer/menu-button flex w-full items-center gap-2 overflow-hidden rounded-md p-2 text-left outline-hidden ring-sidebar-ring transition-[width,height,padding] focus-visible:ring-2 active:bg-sidebar-accent active:text-sidebar-accent-foreground disabled:pointer-events-none disabled:opacity-50 group-has-data-[sidebar=menu-action]/menu-item:pr-8 aria-disabled:pointer-events-none aria-disabled:opacity-50 data-[active=true]:bg-sidebar-accent data-[active=true]:font-medium data-[active=true]:text-sidebar-accent-foreground data-[state=open]:hover:bg-sidebar-accent data-[state=open]:hover:text-sidebar-accent-foreground group-data-[collapsible=icon]:size-8! group-data-[collapsible=icon]:p-2! [&>span:last-child]:truncate [&>svg]:size-4 [&>svg]:shrink-0 hover:bg-sidebar-accent hover:text-sidebar-accent-foreground h-8 text-sm"
                    data-active="false"
                    data-sidebar="menu-button"
                    data-size="default"
                    data-slot="sidebar-menu-button"
                    href="/"
                  >
                    <svg
                      class="lucide lucide-plus"
                      fill="none"
                      height="24"
                      stroke="currentColor"
                      stroke-linecap="round"
                      stroke-linejoin="round"
                      stroke-width="2"
                      viewBox="0 0 24 24"
                      width="24"
                      xmlns="http://www.w3.org/2000/svg"
                    >
                      <path
                        d="M5 12h14"
                      />
                      <path
                        d="M12 5v14"
                      />
                    </svg>
                    <span>
                      New conversation
                    </span>
                  </a>
                </ul>
              </div>
            </div>
            <div
              class="relative flex w-full min-w-0 flex-col p-2"
              data-sidebar="group"
              data-slot="sidebar-group"
            >
              <div
                class="text-sidebar-foreground/70 ring-sidebar-ring flex h-8 shrink-0 items-center rounded-md px-2 text-xs font-medium outline-hidden transition-[margin,opacity] duration-200 ease-linear focus-visible:ring-2 [&>svg]:size-4 [&>svg]:shrink-0 group-data-[collapsible=icon]:-mt-8 group-data-[collapsible=icon]:opacity-0"
                data-sidebar="group-label"
                data-slot="sidebar-group-label"
              >
                Conversations
              </div>
              <div
                class="w-full text-sm"
                data-sidebar="group-content"
                data-slot="sidebar-group-content"
              >
                <div
                  data-testid="nav-conversations"
                >
                  NavConversations
                </div>
              </div>
            </div>
          </div>
          <div
            class="flex flex-col gap-2 p-2"
            data-sidebar="footer"
            data-slot="sidebar-footer"
          >
            <div
              data-testid="nav-user"
            >
              NavUser
            </div>
          </div>
        </div>
      </div>
    </div>
  </div>
</div>
`;
